1,200,50,33,101,2,3,75
1,200,50,33,102,3,4,82
1,200,50,33,103,1,1,92
2,200,200,44,101,2,3,12
3,100,105,44,102,3,4,52
4,100,50,11,104,104,2,27
